
> cg-adaline-scroll-animation@1.0.0 dev
> vite


  VITE v7.3.0  ready in 357 ms

  ➜  Local:   http://localhost:5173/
  ➜  Network: use --host to expose
9:03:29 AM [vite] http proxy error: /api/public/reviews
AggregateError [ECONNREFUSED]:
    at internalConnectMultiple (node:net:1134:18)
    at afterConnectMultiple (node:net:1715:7)
9:03:29 AM [vite] http proxy error: /api/projects
AggregateError [ECONNREFUSED]:
    at internalConnectMultiple (node:net:1134:18)
    at afterConnectMultiple (node:net:1715:7)
9:04:17 AM [vite] http proxy error: /api/public/reviews
AggregateError [ECONNREFUSED]:
    at internalConnectMultiple (node:net:1134:18)
    at afterConnectMultiple (node:net:1715:7)
9:04:17 AM [vite] http proxy error: /api/projects
AggregateError [ECONNREFUSED]:
    at internalConnectMultiple (node:net:1134:18)
    at afterConnectMultiple (node:net:1715:7)
