
> cg-adaline-scroll-animation@1.0.0 dev
> vite


  VITE v7.3.0  ready in 675 ms

  ➜  Local:   http://localhost:5173/
  ➜  Network: use --host to expose
[vite:css][postcss] @import must precede all other statements (besides @charset or empty @layer)
2307 |    }
2308 |  }
2309 |  @import url("https://fonts.googleapis.com/css2?family=Host+Grotesk:ital,wght@0,300..800;1,300..800&display=swap");
     |  ^^^^^^^^^^^^^^^^^^^^^^^^^^^^^^^^^^^^^^^^^^^^^^^^^^^^^^^^^^^^^^^^^^^^^^^^^^^^^^^^^^^^^^^^^^^^^^^^^^^^^^^^^^^^^^^^^^
2310 |
2311 |  @font-face{
11:08:39 AM [vite] http proxy error: /api/public/reviews
AggregateError [ECONNREFUSED]:
    at internalConnectMultiple (node:net:1134:18)
    at afterConnectMultiple (node:net:1715:7)
11:08:39 AM [vite] http proxy error: /api/public/real-estate-properties
AggregateError [ECONNREFUSED]:
    at internalConnectMultiple (node:net:1134:18)
    at afterConnectMultiple (node:net:1715:7)
11:08:39 AM [vite] http proxy error: /api/projects
AggregateError [ECONNREFUSED]:
    at internalConnectMultiple (node:net:1134:18)
    at afterConnectMultiple (node:net:1715:7)
11:09:14 AM [vite] http proxy error: /api/public/reviews
AggregateError [ECONNREFUSED]:
    at internalConnectMultiple (node:net:1134:18)
    at afterConnectMultiple (node:net:1715:7)
11:09:14 AM [vite] http proxy error: /api/public/real-estate-properties
AggregateError [ECONNREFUSED]:
    at internalConnectMultiple (node:net:1134:18)
    at afterConnectMultiple (node:net:1715:7)
11:09:14 AM [vite] http proxy error: /api/projects
AggregateError [ECONNREFUSED]:
    at internalConnectMultiple (node:net:1134:18)
    at afterConnectMultiple (node:net:1715:7)
11:10:03 AM [vite] (client) hmr update /styles.css?direct
[vite:css][postcss] @import must precede all other statements (besides @charset or empty @layer)
2339 |    }
2340 |  }
2341 |  @import url("https://fonts.googleapis.com/css2?family=Host+Grotesk:ital,wght@0,300..800;1,300..800&display=swap");
     |  ^^^^^^^^^^^^^^^^^^^^^^^^^^^^^^^^^^^^^^^^^^^^^^^^^^^^^^^^^^^^^^^^^^^^^^^^^^^^^^^^^^^^^^^^^^^^^^^^^^^^^^^^^^^^^^^^^^
2342 |
2343 |  @font-face{
11:10:29 AM [vite] http proxy error: /api/public/reviews
AggregateError [ECONNREFUSED]:
    at internalConnectMultiple (node:net:1134:18)
    at afterConnectMultiple (node:net:1715:7)
11:10:29 AM [vite] http proxy error: /api/public/real-estate-properties
AggregateError [ECONNREFUSED]:
    at internalConnectMultiple (node:net:1134:18)
    at afterConnectMultiple (node:net:1715:7)
11:10:29 AM [vite] http proxy error: /api/projects
AggregateError [ECONNREFUSED]:
    at internalConnectMultiple (node:net:1134:18)
    at afterConnectMultiple (node:net:1715:7)
