
> cg-adaline-scroll-animation@1.0.0 dev
> vite


  VITE v7.3.0  ready in 371 ms

  ➜  Local:   http://localhost:5173/
  ➜  Network: use --host to expose
[vite:css][postcss] @import must precede all other statements (besides @charset or empty @layer)
2243 |    }
2244 |  }
2245 |  @import url("https://fonts.googleapis.com/css2?family=Host+Grotesk:ital,wght@0,300..800;1,300..800&display=swap");
     |  ^^^^^^^^^^^^^^^^^^^^^^^^^^^^^^^^^^^^^^^^^^^^^^^^^^^^^^^^^^^^^^^^^^^^^^^^^^^^^^^^^^^^^^^^^^^^^^^^^^^^^^^^^^^^^^^^^^
2246 |
2247 |  @font-face{
4:06:00 PM [vite] http proxy error: /api/public/reviews
AggregateError [ECONNREFUSED]:
    at internalConnectMultiple (node:net:1134:18)
    at afterConnectMultiple (node:net:1715:7)
4:06:00 PM [vite] http proxy error: /api/public/real-estate-properties
AggregateError [ECONNREFUSED]:
    at internalConnectMultiple (node:net:1134:18)
    at afterConnectMultiple (node:net:1715:7)
4:06:00 PM [vite] http proxy error: /api/projects
AggregateError [ECONNREFUSED]:
    at internalConnectMultiple (node:net:1134:18)
    at afterConnectMultiple (node:net:1715:7)
4:08:52 PM [vite] http proxy error: /api/public/reviews
AggregateError [ECONNREFUSED]:
    at internalConnectMultiple (node:net:1134:18)
    at afterConnectMultiple (node:net:1715:7)
4:08:52 PM [vite] http proxy error: /api/public/real-estate-properties
AggregateError [ECONNREFUSED]:
    at internalConnectMultiple (node:net:1134:18)
    at afterConnectMultiple (node:net:1715:7)
4:08:52 PM [vite] http proxy error: /api/projects
AggregateError [ECONNREFUSED]:
    at internalConnectMultiple (node:net:1134:18)
    at afterConnectMultiple (node:net:1715:7)
4:08:55 PM [vite] http proxy error: /api/service-types
AggregateError [ECONNREFUSED]:
    at internalConnectMultiple (node:net:1134:18)
    at afterConnectMultiple (node:net:1715:7)
4:08:55 PM [vite] http proxy error: /api/services
AggregateError [ECONNREFUSED]:
    at internalConnectMultiple (node:net:1134:18)
    at afterConnectMultiple (node:net:1715:7)
4:08:55 PM [vite] http proxy error: /api/public/real-estate-properties
AggregateError [ECONNREFUSED]:
    at internalConnectMultiple (node:net:1134:18)
    at afterConnectMultiple (node:net:1715:7)
4:08:55 PM [vite] http proxy error: /api/public/construction-properties
AggregateError [ECONNREFUSED]:
    at internalConnectMultiple (node:net:1134:18)
    at afterConnectMultiple (node:net:1715:7)
4:08:55 PM [vite] http proxy error: /api/public/design-architecture-properties
AggregateError [ECONNREFUSED]:
    at internalConnectMultiple (node:net:1134:18)
    at afterConnectMultiple (node:net:1715:7)
4:08:55 PM [vite] http proxy error: /api/public/interiors-properties
AggregateError [ECONNREFUSED]:
    at internalConnectMultiple (node:net:1134:18)
    at afterConnectMultiple (node:net:1715:7)
4:08:56 PM [vite] http proxy error: /api/projects
AggregateError [ECONNREFUSED]:
    at internalConnectMultiple (node:net:1134:18)
    at afterConnectMultiple (node:net:1715:7)
4:11:15 PM [vite] (client) hmr update /styles.css?direct
4:11:48 PM [vite] (client) hmr update /styles.css?direct
[vite:css][postcss] @import must precede all other statements (besides @charset or empty @layer)
2243 |    }
2244 |  }
2245 |  @import url("https://fonts.googleapis.com/css2?family=Host+Grotesk:ital,wght@0,300..800;1,300..800&display=swap");
     |  ^^^^^^^^^^^^^^^^^^^^^^^^^^^^^^^^^^^^^^^^^^^^^^^^^^^^^^^^^^^^^^^^^^^^^^^^^^^^^^^^^^^^^^^^^^^^^^^^^^^^^^^^^^^^^^^^^^
2246 |
2247 |  @font-face{
4:11:59 PM [vite] http proxy error: /api/public/reviews
AggregateError [ECONNREFUSED]:
    at internalConnectMultiple (node:net:1134:18)
    at afterConnectMultiple (node:net:1715:7)
4:11:59 PM [vite] http proxy error: /api/public/real-estate-properties
AggregateError [ECONNREFUSED]:
    at internalConnectMultiple (node:net:1134:18)
    at afterConnectMultiple (node:net:1715:7)
4:11:59 PM [vite] http proxy error: /api/projects
AggregateError [ECONNREFUSED]:
    at internalConnectMultiple (node:net:1134:18)
    at afterConnectMultiple (node:net:1715:7)
4:12:02 PM [vite] http proxy error: /api/service-types
AggregateError [ECONNREFUSED]:
    at internalConnectMultiple (node:net:1134:18)
    at afterConnectMultiple (node:net:1715:7)
4:12:02 PM [vite] http proxy error: /api/services
AggregateError [ECONNREFUSED]:
    at internalConnectMultiple (node:net:1134:18)
    at afterConnectMultiple (node:net:1715:7)
4:12:02 PM [vite] http proxy error: /api/public/real-estate-properties
AggregateError [ECONNREFUSED]:
    at internalConnectMultiple (node:net:1134:18)
    at afterConnectMultiple (node:net:1715:7)
4:12:02 PM [vite] http proxy error: /api/public/construction-properties
AggregateError [ECONNREFUSED]:
    at internalConnectMultiple (node:net:1134:18)
    at afterConnectMultiple (node:net:1715:7)
4:12:02 PM [vite] http proxy error: /api/public/design-architecture-properties
AggregateError [ECONNREFUSED]:
    at internalConnectMultiple (node:net:1134:18)
    at afterConnectMultiple (node:net:1715:7)
4:12:02 PM [vite] http proxy error: /api/public/interiors-properties
AggregateError [ECONNREFUSED]:
    at internalConnectMultiple (node:net:1134:18)
    at afterConnectMultiple (node:net:1715:7)
4:12:03 PM [vite] http proxy error: /api/projects
AggregateError [ECONNREFUSED]:
    at internalConnectMultiple (node:net:1134:18)
    at afterConnectMultiple (node:net:1715:7)
4:12:50 PM [vite] http proxy error: /api/blogs
AggregateError [ECONNREFUSED]:
    at internalConnectMultiple (node:net:1134:18)
    at afterConnectMultiple (node:net:1715:7)
4:16:57 PM [vite] (client) hmr update /styles.css?direct
