
> cg-adaline-scroll-animation@1.0.0 dev
> vite

Port 5173 is in use, trying another one...
Port 5174 is in use, trying another one...

  VITE v7.3.0  ready in 1061 ms

  ➜  Local:   http://localhost:5175/
  ➜  Network: use --host to expose
[vite:css][postcss] @import must precede all other statements (besides @charset or empty @layer)
2307 |    }
2308 |  }
2309 |  @import url("https://fonts.googleapis.com/css2?family=Host+Grotesk:ital,wght@0,300..800;1,300..800&display=swap");
     |  ^^^^^^^^^^^^^^^^^^^^^^^^^^^^^^^^^^^^^^^^^^^^^^^^^^^^^^^^^^^^^^^^^^^^^^^^^^^^^^^^^^^^^^^^^^^^^^^^^^^^^^^^^^^^^^^^^^
2310 |
2311 |  @font-face{
2:58:11 PM [vite] http proxy error: /api/real-estate/properties?featured=true&limit=3
AggregateError [ECONNREFUSED]:
    at internalConnectMultiple (node:net:1134:18)
    at afterConnectMultiple (node:net:1715:7)
2:58:12 PM [vite] http proxy error: /api/public/reviews
AggregateError [ECONNREFUSED]:
    at internalConnectMultiple (node:net:1134:18)
    at afterConnectMultiple (node:net:1715:7)
2:58:22 PM [vite] http proxy error: /api/admin/dashboard/stats
AggregateError [ECONNREFUSED]:
    at internalConnectMultiple (node:net:1134:18)
    at afterConnectMultiple (node:net:1715:7)
5:28:16 PM [vite] (client) page reload script.js
5:28:17 PM [vite] (client) page reload property.html
5:29:38 PM [vite] http proxy error: /api/real-estate/properties?featured=true&limit=3
AggregateError [ECONNREFUSED]:
    at internalConnectMultiple (node:net:1134:18)
    at afterConnectMultiple (node:net:1715:7)
5:29:38 PM [vite] http proxy error: /api/public/reviews
AggregateError [ECONNREFUSED]:
    at internalConnectMultiple (node:net:1134:18)
    at afterConnectMultiple (node:net:1715:7)
5:29:42 PM [vite] http proxy error: /api/real-estate/properties
AggregateError [ECONNREFUSED]:
    at internalConnectMultiple (node:net:1134:18)
    at afterConnectMultiple (node:net:1715:7)
5:29:47 PM [vite] http proxy error: /api/admin/dashboard/stats
AggregateError [ECONNREFUSED]:
    at internalConnectMultiple (node:net:1134:18)
    at afterConnectMultiple (node:net:1715:7)
5:29:48 PM [vite] http proxy error: /api/admin/real-estate/properties
AggregateError [ECONNREFUSED]:
    at internalConnectMultiple (node:net:1134:18)
    at afterConnectMultiple (node:net:1715:7)
3:12:35 PM [vite] (client) page reload service.html
3:13:43 PM [vite] (client) page reload index.html
3:14:13 PM [vite] (client) page reload script.js
